nohup: ignoring input
============================================================
Step 1: Loading data
============================================================
Loaded 193 completions with 5000 points from rfnet_subset_193_fixed.h5
Loaded 193 GT entries (193 objects × 1 scans) from realpc/difficult/test/complete

============================================================
Step 2: Gaussian noise (σ=0.05L)
============================================================

Noise:   0%|          | 0/193 [00:00<?, ?it/s]
Noise:  82%|████████▏ | 159/193 [00:00<00:00, 1586.50it/s]
Noise: 100%|██████████| 193/193 [00:00<00:00, 1583.63it/s]

============================================================
Step 3+4: PPSurf (res=129) → 5000 pts
============================================================

PPSurf + Mesh→PC:   0%|          | 0/193 [00:00<?, ?it/s]
PPSurf + Mesh→PC:   1%|          | 1/193 [00:07<25:31,  7.98s/it]
PPSurf + Mesh→PC:   1%|          | 2/193 [00:15<24:56,  7.83s/it]
PPSurf + Mesh→PC:   2%|▏         | 3/193 [00:23<24:43,  7.81s/it]
PPSurf + Mesh→PC:   2%|▏         | 4/193 [00:31<24:33,  7.80s/it]
PPSurf + Mesh→PC:   3%|▎         | 5/193 [00:39<24:46,  7.90s/it]
PPSurf + Mesh→PC:   3%|▎         | 6/193 [00:47<24:35,  7.89s/it]
PPSurf + Mesh→PC:   4%|▎         | 7/193 [00:55<24:30,  7.90s/it]
PPSurf + Mesh→PC:   4%|▍         | 8/193 [01:02<24:14,  7.86s/it]
PPSurf + Mesh→PC:   5%|▍         | 9/193 [01:10<24:01,  7.83s/it]
PPSurf + Mesh→PC:   5%|▌         | 10/193 [01:18<23:57,  7.85s/it]
PPSurf + Mesh→PC:   6%|▌         | 11/193 [01:26<23:39,  7.80s/it]
PPSurf + Mesh→PC:   6%|▌         | 12/193 [01:34<23:54,  7.92s/it]
PPSurf + Mesh→PC:   7%|▋         | 13/193 [01:42<23:57,  7.99s/it]
PPSurf + Mesh→PC:   7%|▋         | 14/193 [01:50<23:22,  7.83s/it]
PPSurf + Mesh→PC:   8%|▊         | 15/193 [01:57<23:06,  7.79s/it]
PPSurf + Mesh→PC:   8%|▊         | 16/193 [02:05<23:16,  7.89s/it]
PPSurf + Mesh→PC:   9%|▉         | 17/193 [02:13<23:18,  7.95s/it]
PPSurf + Mesh→PC:   9%|▉         | 18/193 [02:22<23:14,  7.97s/it]
PPSurf + Mesh→PC:  10%|▉         | 19/193 [02:30<23:44,  8.19s/it]
PPSurf + Mesh→PC:  10%|█         | 20/193 [02:40<25:22,  8.80s/it]
PPSurf + Mesh→PC:  11%|█         | 21/193 [02:51<26:55,  9.39s/it]
PPSurf + Mesh→PC:  11%|█▏        | 22/193 [03:02<27:52,  9.78s/it]
PPSurf + Mesh→PC:  12%|█▏        | 23/193 [03:12<28:23, 10.02s/it]
PPSurf + Mesh→PC:  12%|█▏        | 24/193 [03:23<28:43, 10.20s/it]
PPSurf + Mesh→PC:  13%|█▎        | 25/193 [03:33<28:41, 10.25s/it]
PPSurf + Mesh→PC:  13%|█▎        | 26/193 [03:44<28:44, 10.33s/it]
PPSurf + Mesh→PC:  14%|█▍        | 27/193 [03:55<28:53, 10.44s/it]
PPSurf + Mesh→PC:  15%|█▍        | 28/193 [04:03<27:17,  9.92s/it]
PPSurf + Mesh→PC:  15%|█▌        | 29/193 [04:14<27:38, 10.11s/it]
PPSurf + Mesh→PC:  16%|█▌        | 30/193 [04:24<27:38, 10.17s/it]
PPSurf + Mesh→PC:  16%|█▌        | 31/193 [04:35<27:54, 10.33s/it]
PPSurf + Mesh→PC:  17%|█▋        | 32/193 [04:45<27:49, 10.37s/it]
PPSurf + Mesh→PC:  17%|█▋        | 33/193 [04:56<27:43, 10.40s/it]
PPSurf + Mesh→PC:  18%|█▊        | 34/193 [05:07<27:48, 10.49s/it]
PPSurf + Mesh→PC:  18%|█▊        | 35/193 [05:17<27:21, 10.39s/it]
PPSurf + Mesh→PC:  19%|█▊        | 36/193 [05:28<27:35, 10.55s/it]
PPSurf + Mesh→PC:  19%|█▉        | 37/193 [05:38<27:25, 10.55s/it]
PPSurf + Mesh→PC:  20%|█▉        | 38/193 [05:48<26:58, 10.44s/it]
PPSurf + Mesh→PC:  20%|██        | 39/193 [05:59<26:51, 10.46s/it]
PPSurf + Mesh→PC:  21%|██        | 40/193 [06:10<26:47, 10.51s/it]
PPSurf + Mesh→PC:  21%|██        | 41/193 [06:20<26:27, 10.44s/it]
PPSurf + Mesh→PC:  22%|██▏       | 42/193 [06:30<25:57, 10.32s/it]
PPSurf + Mesh→PC:  22%|██▏       | 43/193 [06:40<25:43, 10.29s/it]
PPSurf + Mesh→PC:  23%|██▎       | 44/193 [06:50<25:30, 10.27s/it]
PPSurf + Mesh→PC:  23%|██▎       | 45/193 [07:01<25:30, 10.34s/it]
PPSurf + Mesh→PC:  24%|██▍       | 46/193 [07:11<25:09, 10.27s/it]
PPSurf + Mesh→PC:  24%|██▍       | 47/193 [07:21<24:59, 10.27s/it]
PPSurf + Mesh→PC:  25%|██▍       | 48/193 [07:31<24:43, 10.23s/it]
PPSurf + Mesh→PC:  25%|██▌       | 49/193 [07:42<25:10, 10.49s/it]
PPSurf + Mesh→PC:  26%|██▌       | 50/193 [07:53<24:53, 10.44s/it]
PPSurf + Mesh→PC:  26%|██▋       | 51/193 [08:03<24:38, 10.41s/it]
PPSurf + Mesh→PC:  27%|██▋       | 52/193 [08:14<24:34, 10.46s/it]
PPSurf + Mesh→PC:  27%|██▋       | 53/193 [08:24<24:26, 10.48s/it]
PPSurf + Mesh→PC:  28%|██▊       | 54/193 [08:35<24:16, 10.48s/it]
PPSurf + Mesh→PC:  28%|██▊       | 55/193 [08:45<23:45, 10.33s/it]
PPSurf + Mesh→PC:  29%|██▉       | 56/193 [08:55<23:43, 10.39s/it]
PPSurf + Mesh→PC:  30%|██▉       | 57/193 [09:05<23:28, 10.36s/it]
PPSurf + Mesh→PC:  30%|███       | 58/193 [09:16<23:29, 10.44s/it]
PPSurf + Mesh→PC:  31%|███       | 59/193 [09:26<23:09, 10.37s/it]
PPSurf + Mesh→PC:  31%|███       | 60/193 [09:37<23:10, 10.46s/it]
PPSurf + Mesh→PC:  32%|███▏      | 61/193 [09:47<22:51, 10.39s/it]
PPSurf + Mesh→PC:  32%|███▏      | 62/193 [09:58<22:48, 10.45s/it]
PPSurf + Mesh→PC:  33%|███▎      | 63/193 [10:08<22:38, 10.45s/it]
PPSurf + Mesh→PC:  33%|███▎      | 64/193 [10:18<22:12, 10.33s/it]
PPSurf + Mesh→PC:  34%|███▎      | 65/193 [10:29<22:02, 10.33s/it]
PPSurf + Mesh→PC:  34%|███▍      | 66/193 [10:39<21:50, 10.32s/it]
PPSurf + Mesh→PC:  35%|███▍      | 67/193 [10:49<21:34, 10.27s/it]
PPSurf + Mesh→PC:  35%|███▌      | 68/193 [10:59<21:27, 10.30s/it]
PPSurf + Mesh→PC:  36%|███▌      | 69/193 [11:10<21:31, 10.41s/it]
PPSurf + Mesh→PC:  36%|███▋      | 70/193 [11:20<21:03, 10.28s/it]
PPSurf + Mesh→PC:  37%|███▋      | 71/193 [11:30<20:51, 10.26s/it]
PPSurf + Mesh→PC:  37%|███▋      | 72/193 [11:41<20:48, 10.32s/it]
PPSurf + Mesh→PC:  38%|███▊      | 73/193 [11:50<20:11, 10.10s/it]
PPSurf + Mesh→PC:  38%|███▊      | 74/193 [12:01<20:16, 10.22s/it]
PPSurf + Mesh→PC:  39%|███▉      | 75/193 [12:11<20:02, 10.19s/it]
PPSurf + Mesh→PC:  39%|███▉      | 76/193 [12:22<20:13, 10.37s/it]
PPSurf + Mesh→PC:  40%|███▉      | 77/193 [12:32<19:59, 10.34s/it]
PPSurf + Mesh→PC:  40%|████      | 78/193 [12:43<20:17, 10.58s/it]
PPSurf + Mesh→PC:  41%|████      | 79/193 [12:53<19:56, 10.49s/it]
PPSurf + Mesh→PC:  41%|████▏     | 80/193 [13:04<19:54, 10.57s/it]
PPSurf + Mesh→PC:  42%|████▏     | 81/193 [13:15<19:41, 10.55s/it]
PPSurf + Mesh→PC:  42%|████▏     | 82/193 [13:25<19:34, 10.58s/it]
PPSurf + Mesh→PC:  43%|████▎     | 83/193 [13:35<19:05, 10.41s/it]
PPSurf + Mesh→PC:  44%|████▎     | 84/193 [13:46<19:05, 10.51s/it]
PPSurf + Mesh→PC:  44%|████▍     | 85/193 [13:56<18:44, 10.41s/it]
PPSurf + Mesh→PC:  45%|████▍     | 86/193 [14:07<18:41, 10.48s/it]
PPSurf + Mesh→PC:  45%|████▌     | 87/193 [14:18<18:47, 10.64s/it]
PPSurf + Mesh→PC:  46%|████▌     | 88/193 [14:29<18:43, 10.70s/it]
PPSurf + Mesh→PC:  46%|████▌     | 89/193 [14:39<18:29, 10.67s/it]
PPSurf + Mesh→PC:  47%|████▋     | 90/193 [14:50<18:13, 10.62s/it]
PPSurf + Mesh→PC:  47%|████▋     | 91/193 [15:00<17:55, 10.54s/it]
PPSurf + Mesh→PC:  48%|████▊     | 92/193 [15:11<17:55, 10.65s/it]
PPSurf + Mesh→PC:  48%|████▊     | 93/193 [15:21<17:37, 10.57s/it]
PPSurf + Mesh→PC:  49%|████▊     | 94/193 [15:32<17:28, 10.59s/it]
PPSurf + Mesh→PC:  49%|████▉     | 95/193 [15:42<17:09, 10.51s/it]
PPSurf + Mesh→PC:  50%|████▉     | 96/193 [15:53<17:10, 10.62s/it]
PPSurf + Mesh→PC:  50%|█████     | 97/193 [16:04<17:04, 10.67s/it]
PPSurf + Mesh→PC:  51%|█████     | 98/193 [16:14<16:44, 10.58s/it]
PPSurf + Mesh→PC:  51%|█████▏    | 99/193 [16:24<16:01, 10.23s/it]
PPSurf + Mesh→PC:  52%|█████▏    | 100/193 [16:35<16:09, 10.43s/it]
PPSurf + Mesh→PC:  52%|█████▏    | 101/193 [16:45<15:54, 10.38s/it]
PPSurf + Mesh→PC:  53%|█████▎    | 102/193 [16:56<15:48, 10.42s/it]
PPSurf + Mesh→PC:  53%|█████▎    | 103/193 [17:06<15:51, 10.57s/it]
PPSurf + Mesh→PC:  54%|█████▍    | 104/193 [17:18<15:57, 10.76s/it]
PPSurf + Mesh→PC:  54%|█████▍    | 105/193 [17:29<15:49, 10.80s/it]
PPSurf + Mesh→PC:  55%|█████▍    | 106/193 [17:39<15:31, 10.71s/it]
PPSurf + Mesh→PC:  55%|█████▌    | 107/193 [17:49<15:10, 10.59s/it]
PPSurf + Mesh→PC:  56%|█████▌    | 108/193 [17:59<14:25, 10.19s/it]
PPSurf + Mesh→PC:  56%|█████▋    | 109/193 [18:09<14:09, 10.11s/it]
PPSurf + Mesh→PC:  57%|█████▋    | 110/193 [18:18<13:49, 10.00s/it]
PPSurf + Mesh→PC:  58%|█████▊    | 111/193 [18:28<13:28,  9.86s/it]
PPSurf + Mesh→PC:  58%|█████▊    | 112/193 [18:37<13:09,  9.75s/it]
PPSurf + Mesh→PC:  59%|█████▊    | 113/193 [18:50<14:19, 10.74s/it]
PPSurf + Mesh→PC:  59%|█████▉    | 114/193 [19:05<15:29, 11.77s/it]
PPSurf + Mesh→PC:  60%|█████▉    | 115/193 [19:15<14:57, 11.51s/it]
PPSurf + Mesh→PC:  60%|██████    | 116/193 [19:31<16:24, 12.79s/it]
PPSurf + Mesh→PC:  61%|██████    | 117/193 [19:44<16:00, 12.64s/it]
PPSurf + Mesh→PC:  61%|██████    | 118/193 [19:55<15:28, 12.39s/it]
PPSurf + Mesh→PC:  62%|██████▏   | 119/193 [20:07<14:50, 12.03s/it]
PPSurf + Mesh→PC:  62%|██████▏   | 120/193 [20:19<14:44, 12.12s/it]
PPSurf + Mesh→PC:  63%|██████▎   | 121/193 [20:31<14:38, 12.20s/it]
PPSurf + Mesh→PC:  63%|██████▎   | 122/193 [20:42<14:02, 11.87s/it]
PPSurf + Mesh→PC:  64%|██████▎   | 123/193 [20:56<14:24, 12.34s/it]
PPSurf + Mesh→PC:  64%|██████▍   | 124/193 [21:08<14:14, 12.38s/it]
PPSurf + Mesh→PC:  65%|██████▍   | 125/193 [21:19<13:37, 12.02s/it]
PPSurf + Mesh→PC:  65%|██████▌   | 126/193 [21:31<13:11, 11.81s/it]
PPSurf + Mesh→PC:  66%|██████▌   | 127/193 [21:43<13:07, 11.93s/it]
PPSurf + Mesh→PC:  66%|██████▋   | 128/193 [21:54<12:43, 11.74s/it]
PPSurf + Mesh→PC:  67%|██████▋   | 129/193 [22:04<11:53, 11.14s/it]
PPSurf + Mesh→PC:  67%|██████▋   | 130/193 [22:16<12:06, 11.54s/it]
PPSurf + Mesh→PC:  68%|██████▊   | 131/193 [22:27<11:42, 11.33s/it]
PPSurf + Mesh→PC:  68%|██████▊   | 132/193 [22:38<11:22, 11.19s/it]
PPSurf + Mesh→PC:  69%|██████▉   | 133/193 [22:51<11:33, 11.56s/it]
PPSurf + Mesh→PC:  69%|██████▉   | 134/193 [23:05<12:19, 12.53s/it]
PPSurf + Mesh→PC:  70%|██████▉   | 135/193 [23:18<12:12, 12.63s/it]
PPSurf + Mesh→PC:  70%|███████   | 136/193 [23:32<12:13, 12.87s/it]
PPSurf + Mesh→PC:  71%|███████   | 137/193 [23:43<11:29, 12.30s/it]
PPSurf + Mesh→PC:  72%|███████▏  | 138/193 [23:55<11:09, 12.16s/it]
PPSurf + Mesh→PC:  72%|███████▏  | 139/193 [24:08<11:11, 12.43s/it]
PPSurf + Mesh→PC:  73%|███████▎  | 140/193 [24:20<10:58, 12.42s/it]
PPSurf + Mesh→PC:  73%|███████▎  | 141/193 [24:33<10:49, 12.48s/it]
PPSurf + Mesh→PC:  74%|███████▎  | 142/193 [24:45<10:29, 12.34s/it]
PPSurf + Mesh→PC:  74%|███████▍  | 143/193 [25:00<11:04, 13.29s/it]
PPSurf + Mesh→PC:  75%|███████▍  | 144/193 [25:13<10:40, 13.06s/it]
PPSurf + Mesh→PC:  75%|███████▌  | 145/193 [25:25<10:20, 12.93s/it]
PPSurf + Mesh→PC:  76%|███████▌  | 146/193 [25:38<10:06, 12.91s/it]
PPSurf + Mesh→PC:  76%|███████▌  | 147/193 [25:51<09:57, 13.00s/it]
PPSurf + Mesh→PC:  77%|███████▋  | 148/193 [26:05<10:00, 13.34s/it]
PPSurf + Mesh→PC:  77%|███████▋  | 149/193 [26:16<09:13, 12.58s/it]
PPSurf + Mesh→PC:  78%|███████▊  | 150/193 [26:29<09:04, 12.67s/it]
PPSurf + Mesh→PC:  78%|███████▊  | 151/193 [26:40<08:28, 12.10s/it]
PPSurf + Mesh→PC:  79%|███████▉  | 152/193 [26:52<08:13, 12.03s/it]
PPSurf + Mesh→PC:  79%|███████▉  | 153/193 [27:07<08:44, 13.10s/it]
PPSurf + Mesh→PC:  80%|███████▉  | 154/193 [27:20<08:22, 12.90s/it]
PPSurf + Mesh→PC:  80%|████████  | 155/193 [27:35<08:40, 13.70s/it]
PPSurf + Mesh→PC:  81%|████████  | 156/193 [27:50<08:41, 14.10s/it]
PPSurf + Mesh→PC:  81%|████████▏ | 157/193 [28:03<08:16, 13.79s/it]
PPSurf + Mesh→PC:  82%|████████▏ | 158/193 [28:16<07:48, 13.37s/it]
PPSurf + Mesh→PC:  82%|████████▏ | 159/193 [28:28<07:20, 12.95s/it]
PPSurf + Mesh→PC:  83%|████████▎ | 160/193 [28:41<07:11, 13.08s/it]
PPSurf + Mesh→PC:  83%|████████▎ | 161/193 [28:55<07:02, 13.21s/it]
PPSurf + Mesh→PC:  84%|████████▍ | 162/193 [29:05<06:23, 12.37s/it]
PPSurf + Mesh→PC:  84%|████████▍ | 163/193 [29:19<06:28, 12.94s/it]
PPSurf + Mesh→PC:  85%|████████▍ | 164/193 [29:32<06:15, 12.96s/it]
PPSurf + Mesh→PC:  85%|████████▌ | 165/193 [29:43<05:45, 12.36s/it]
PPSurf + Mesh→PC:  86%|████████▌ | 166/193 [29:55<05:23, 11.99s/it]
PPSurf + Mesh→PC:  87%|████████▋ | 167/193 [30:09<05:31, 12.75s/it]
PPSurf + Mesh→PC:  87%|████████▋ | 168/193 [30:21<05:09, 12.38s/it]
PPSurf + Mesh→PC:  88%|████████▊ | 169/193 [30:35<05:11, 12.99s/it]
PPSurf + Mesh→PC:  88%|████████▊ | 170/193 [30:48<04:59, 13.03s/it]
PPSurf + Mesh→PC:  89%|████████▊ | 171/193 [31:02<04:54, 13.38s/it]
PPSurf + Mesh→PC:  89%|████████▉ | 172/193 [31:17<04:47, 13.69s/it]
PPSurf + Mesh→PC:  90%|████████▉ | 173/193 [31:31<04:39, 14.00s/it]
PPSurf + Mesh→PC:  90%|█████████ | 174/193 [31:42<04:08, 13.07s/it]
PPSurf + Mesh→PC:  91%|█████████ | 175/193 [31:58<04:08, 13.82s/it]
PPSurf + Mesh→PC:  91%|█████████ | 176/193 [32:09<03:38, 12.86s/it]
PPSurf + Mesh→PC:  92%|█████████▏| 177/193 [32:19<03:12, 12.04s/it]
PPSurf + Mesh→PC:  92%|█████████▏| 178/193 [32:29<02:52, 11.52s/it]
PPSurf + Mesh→PC:  93%|█████████▎| 179/193 [32:39<02:36, 11.19s/it]
PPSurf + Mesh→PC:  93%|█████████▎| 180/193 [32:50<02:21, 10.91s/it]
PPSurf + Mesh→PC:  94%|█████████▍| 181/193 [33:00<02:08, 10.67s/it]
PPSurf + Mesh→PC:  94%|█████████▍| 182/193 [33:10<01:57, 10.66s/it]
PPSurf + Mesh→PC:  95%|█████████▍| 183/193 [33:21<01:45, 10.58s/it]
PPSurf + Mesh→PC:  95%|█████████▌| 184/193 [33:31<01:34, 10.46s/it]
PPSurf + Mesh→PC:  96%|█████████▌| 185/193 [33:41<01:23, 10.47s/it]
PPSurf + Mesh→PC:  96%|█████████▋| 186/193 [33:52<01:13, 10.51s/it]
PPSurf + Mesh→PC:  97%|█████████▋| 187/193 [34:03<01:03, 10.55s/it]
PPSurf + Mesh→PC:  97%|█████████▋| 188/193 [34:13<00:52, 10.46s/it]
PPSurf + Mesh→PC:  98%|█████████▊| 189/193 [34:23<00:41, 10.47s/it]
PPSurf + Mesh→PC:  98%|█████████▊| 190/193 [34:34<00:31, 10.48s/it]
PPSurf + Mesh→PC:  99%|█████████▉| 191/193 [34:44<00:21, 10.51s/it]
PPSurf + Mesh→PC:  99%|█████████▉| 192/193 [34:54<00:10, 10.12s/it]
PPSurf + Mesh→PC: 100%|██████████| 193/193 [35:03<00:00, 10.00s/it]
PPSurf + Mesh→PC: 100%|██████████| 193/193 [35:03<00:00, 10.90s/it]

============================================================
Step 5: Evaluation
============================================================

Computing CD:   0%|          | 0/193 [00:00<?, ?it/s]
Computing CD:   1%|          | 1/193 [00:00<01:26,  2.22it/s]
Computing CD:  12%|█▏        | 23/193 [00:00<00:03, 54.38it/s]
Computing CD:  21%|██        | 40/193 [00:00<00:01, 83.74it/s]
Computing CD:  39%|███▉      | 75/193 [00:00<00:00, 154.49it/s]
Computing CD:  53%|█████▎    | 103/193 [00:00<00:00, 188.63it/s]
Computing CD:  66%|██████▋   | 128/193 [00:00<00:00, 191.47it/s]
Computing CD:  78%|███████▊  | 151/193 [00:01<00:00, 179.27it/s]
Computing CD:  90%|█████████ | 174/193 [00:01<00:00, 190.86it/s]
Computing CD: 100%|██████████| 193/193 [00:01<00:00, 145.36it/s]

============================================================
OVERALL RESULTS (193/193 samples)
============================================================
  CD-L1:  0.154645 (± 0.262059)
  CD-L2:  0.099923 (± 0.239450)

Category      Count        CD-L1        CD-L2
----------------------------------------------
chine_0          84     0.035713     0.001714
chine_1          12     0.034155     0.001927
chine_2          12     0.037062     0.002223
chine_3           3     0.047005     0.003957

dutch_0          15     0.094738     0.015850
dutch_1          11     0.066083     0.008581
dutch_2           2     0.144463     0.030030
dutch_3           6     0.113878     0.018743
dutch_4           2     0.160109     0.040653

hung_0            1     0.714041     0.552318
hung_1            1     0.520249     0.301490
hung_2            5     0.853395     0.760274
hung_3           12     0.822057     0.714015
hung_4            4     0.785372     0.679809
hung_5            1     0.711245     0.650289
hung_6            2     0.617592     0.431974
hung_7            2     0.620009     0.496339

sncf_0            6     0.030582     0.001343
sncf_1            2     0.053670     0.004851
sncf_2            9     0.044309     0.002794
sncf_3            1     0.027018     0.001066

Superclass          CD-L1        CD-L2
--------------------------------------
chine            0.035996     0.001853
dutch            0.095567     0.016277
hung             0.774781     0.658911
sncf             0.039812     0.002443

MEAN             0.154645     0.099923

Saved results to results/fixed/hybrid_noise_0.05/evaluation_results.json
Saving sample .npy files (5 per category)...

Done!
