nohup: ignoring input
============================================================
Step 1: Loading data
============================================================
Loaded 193 completions with 5000 points from rfnet_subset_193_fixed.h5
Loaded 193 GT entries (193 objects × 1 scans) from realpc/difficult/test/complete

============================================================
Step 2: Gaussian noise (σ=0.01L)
============================================================

Noise:   0%|          | 0/193 [00:00<?, ?it/s]
Noise:  82%|████████▏ | 158/193 [00:00<00:00, 1571.85it/s]
Noise: 100%|██████████| 193/193 [00:00<00:00, 1568.54it/s]

============================================================
Step 3+4: PPSurf (res=129) → 5000 pts
============================================================

PPSurf + Mesh→PC:   0%|          | 0/193 [00:00<?, ?it/s]
PPSurf + Mesh→PC:   1%|          | 1/193 [00:08<28:38,  8.95s/it]
PPSurf + Mesh→PC:   1%|          | 2/193 [00:16<26:35,  8.35s/it]
PPSurf + Mesh→PC:   2%|▏         | 3/193 [00:24<25:35,  8.08s/it]
PPSurf + Mesh→PC:   2%|▏         | 4/193 [00:32<25:26,  8.08s/it]
PPSurf + Mesh→PC:   3%|▎         | 5/193 [00:40<25:10,  8.03s/it]
PPSurf + Mesh→PC:   3%|▎         | 6/193 [00:48<24:47,  7.95s/it]
PPSurf + Mesh→PC:   4%|▎         | 7/193 [00:56<25:08,  8.11s/it]
PPSurf + Mesh→PC:   4%|▍         | 8/193 [01:04<24:53,  8.07s/it]
PPSurf + Mesh→PC:   5%|▍         | 9/193 [01:12<24:29,  7.98s/it]
PPSurf + Mesh→PC:   5%|▌         | 10/193 [01:20<24:17,  7.96s/it]
PPSurf + Mesh→PC:   6%|▌         | 11/193 [01:28<24:18,  8.01s/it]
PPSurf + Mesh→PC:   6%|▌         | 12/193 [01:36<24:13,  8.03s/it]
PPSurf + Mesh→PC:   7%|▋         | 13/193 [01:44<23:50,  7.95s/it]
PPSurf + Mesh→PC:   7%|▋         | 14/193 [01:52<23:46,  7.97s/it]
PPSurf + Mesh→PC:   8%|▊         | 15/193 [02:00<23:31,  7.93s/it]
PPSurf + Mesh→PC:   8%|▊         | 16/193 [02:08<23:25,  7.94s/it]
PPSurf + Mesh→PC:   9%|▉         | 17/193 [02:16<23:14,  7.92s/it]
PPSurf + Mesh→PC:   9%|▉         | 18/193 [02:24<23:20,  8.00s/it]
PPSurf + Mesh→PC:  10%|▉         | 19/193 [02:32<23:13,  8.01s/it]
PPSurf + Mesh→PC:  10%|█         | 20/193 [02:40<22:52,  7.94s/it]
PPSurf + Mesh→PC:  11%|█         | 21/193 [02:48<22:48,  7.96s/it]
PPSurf + Mesh→PC:  11%|█▏        | 22/193 [02:56<22:33,  7.91s/it]
PPSurf + Mesh→PC:  12%|█▏        | 23/193 [03:04<22:32,  7.96s/it]
PPSurf + Mesh→PC:  12%|█▏        | 24/193 [03:12<22:25,  7.96s/it]
PPSurf + Mesh→PC:  13%|█▎        | 25/193 [03:20<22:36,  8.07s/it]
PPSurf + Mesh→PC:  13%|█▎        | 26/193 [03:28<22:23,  8.04s/it]
PPSurf + Mesh→PC:  14%|█▍        | 27/193 [03:36<22:31,  8.14s/it]
PPSurf + Mesh→PC:  15%|█▍        | 28/193 [03:44<22:13,  8.08s/it]
PPSurf + Mesh→PC:  15%|█▌        | 29/193 [03:52<22:06,  8.09s/it]
PPSurf + Mesh→PC:  16%|█▌        | 30/193 [04:01<22:05,  8.13s/it]
PPSurf + Mesh→PC:  16%|█▌        | 31/193 [04:08<21:45,  8.06s/it]
PPSurf + Mesh→PC:  17%|█▋        | 32/193 [04:16<21:20,  7.95s/it]
PPSurf + Mesh→PC:  17%|█▋        | 33/193 [04:25<21:44,  8.15s/it]
PPSurf + Mesh→PC:  18%|█▊        | 34/193 [04:33<21:21,  8.06s/it]
PPSurf + Mesh→PC:  18%|█▊        | 35/193 [04:40<20:52,  7.93s/it]
PPSurf + Mesh→PC:  19%|█▊        | 36/193 [04:48<20:49,  7.96s/it]
PPSurf + Mesh→PC:  19%|█▉        | 37/193 [04:56<20:46,  7.99s/it]
PPSurf + Mesh→PC:  20%|█▉        | 38/193 [05:04<20:23,  7.89s/it]
PPSurf + Mesh→PC:  20%|██        | 39/193 [05:12<20:34,  8.02s/it]
PPSurf + Mesh→PC:  21%|██        | 40/193 [05:20<20:07,  7.89s/it]
PPSurf + Mesh→PC:  21%|██        | 41/193 [05:28<20:01,  7.90s/it]
PPSurf + Mesh→PC:  22%|██▏       | 42/193 [05:36<20:13,  8.04s/it]
PPSurf + Mesh→PC:  22%|██▏       | 43/193 [05:44<20:00,  8.00s/it]
PPSurf + Mesh→PC:  23%|██▎       | 44/193 [05:52<19:34,  7.88s/it]
PPSurf + Mesh→PC:  23%|██▎       | 45/193 [06:00<19:41,  7.99s/it]
PPSurf + Mesh→PC:  24%|██▍       | 46/193 [06:08<19:18,  7.88s/it]
PPSurf + Mesh→PC:  24%|██▍       | 47/193 [06:15<19:10,  7.88s/it]
PPSurf + Mesh→PC:  25%|██▍       | 48/193 [06:23<19:03,  7.89s/it]
PPSurf + Mesh→PC:  25%|██▌       | 49/193 [06:31<18:54,  7.88s/it]
PPSurf + Mesh→PC:  26%|██▌       | 50/193 [06:39<18:43,  7.86s/it]
PPSurf + Mesh→PC:  26%|██▋       | 51/193 [06:47<18:34,  7.85s/it]
PPSurf + Mesh→PC:  27%|██▋       | 52/193 [06:54<18:15,  7.77s/it]
PPSurf + Mesh→PC:  27%|██▋       | 53/193 [07:02<18:10,  7.79s/it]
PPSurf + Mesh→PC:  28%|██▊       | 54/193 [07:10<18:21,  7.92s/it]
PPSurf + Mesh→PC:  28%|██▊       | 55/193 [07:19<18:22,  7.99s/it]
PPSurf + Mesh→PC:  29%|██▉       | 56/193 [07:26<18:03,  7.91s/it]
PPSurf + Mesh→PC:  30%|██▉       | 57/193 [07:34<18:04,  7.97s/it]
PPSurf + Mesh→PC:  30%|███       | 58/193 [07:42<17:43,  7.88s/it]
PPSurf + Mesh→PC:  31%|███       | 59/193 [07:50<17:40,  7.91s/it]
PPSurf + Mesh→PC:  31%|███       | 60/193 [07:58<17:26,  7.87s/it]
PPSurf + Mesh→PC:  32%|███▏      | 61/193 [08:06<17:15,  7.85s/it]
PPSurf + Mesh→PC:  32%|███▏      | 62/193 [08:14<17:08,  7.85s/it]
PPSurf + Mesh→PC:  33%|███▎      | 63/193 [08:21<17:04,  7.88s/it]
PPSurf + Mesh→PC:  33%|███▎      | 64/193 [08:29<16:51,  7.84s/it]
PPSurf + Mesh→PC:  34%|███▎      | 65/193 [08:37<16:49,  7.89s/it]
PPSurf + Mesh→PC:  34%|███▍      | 66/193 [08:45<16:34,  7.83s/it]
PPSurf + Mesh→PC:  35%|███▍      | 67/193 [08:53<16:34,  7.90s/it]
PPSurf + Mesh→PC:  35%|███▌      | 68/193 [09:01<16:24,  7.88s/it]
PPSurf + Mesh→PC:  36%|███▌      | 69/193 [09:09<16:13,  7.85s/it]
PPSurf + Mesh→PC:  36%|███▋      | 70/193 [09:17<16:09,  7.88s/it]
PPSurf + Mesh→PC:  37%|███▋      | 71/193 [09:25<16:05,  7.92s/it]
PPSurf + Mesh→PC:  37%|███▋      | 72/193 [09:32<15:52,  7.87s/it]
PPSurf + Mesh→PC:  38%|███▊      | 73/193 [09:40<15:47,  7.89s/it]
PPSurf + Mesh→PC:  38%|███▊      | 74/193 [09:48<15:40,  7.91s/it]
PPSurf + Mesh→PC:  39%|███▉      | 75/193 [09:56<15:33,  7.91s/it]
PPSurf + Mesh→PC:  39%|███▉      | 76/193 [10:04<15:21,  7.88s/it]
PPSurf + Mesh→PC:  40%|███▉      | 77/193 [10:12<15:19,  7.93s/it]
PPSurf + Mesh→PC:  40%|████      | 78/193 [10:20<15:03,  7.86s/it]
PPSurf + Mesh→PC:  41%|████      | 79/193 [10:28<15:04,  7.93s/it]
PPSurf + Mesh→PC:  41%|████▏     | 80/193 [10:36<15:05,  8.01s/it]
PPSurf + Mesh→PC:  42%|████▏     | 81/193 [10:44<14:54,  7.98s/it]
PPSurf + Mesh→PC:  42%|████▏     | 82/193 [10:51<14:32,  7.86s/it]
PPSurf + Mesh→PC:  43%|████▎     | 83/193 [11:00<14:31,  7.92s/it]
PPSurf + Mesh→PC:  44%|████▎     | 84/193 [11:08<14:26,  7.95s/it]
PPSurf + Mesh→PC:  44%|████▍     | 85/193 [11:16<14:32,  8.08s/it]
PPSurf + Mesh→PC:  45%|████▍     | 86/193 [11:25<14:49,  8.31s/it]
PPSurf + Mesh→PC:  45%|████▌     | 87/193 [11:33<14:41,  8.32s/it]
PPSurf + Mesh→PC:  46%|████▌     | 88/193 [11:41<14:32,  8.31s/it]
PPSurf + Mesh→PC:  46%|████▌     | 89/193 [11:50<14:23,  8.30s/it]
PPSurf + Mesh→PC:  47%|████▋     | 90/193 [11:58<14:14,  8.30s/it]
PPSurf + Mesh→PC:  47%|████▋     | 91/193 [12:06<14:10,  8.34s/it]
PPSurf + Mesh→PC:  48%|████▊     | 92/193 [12:15<14:04,  8.37s/it]
PPSurf + Mesh→PC:  48%|████▊     | 93/193 [12:23<13:42,  8.22s/it]
PPSurf + Mesh→PC:  49%|████▊     | 94/193 [12:31<13:33,  8.21s/it]
PPSurf + Mesh→PC:  49%|████▉     | 95/193 [12:39<13:31,  8.28s/it]
PPSurf + Mesh→PC:  50%|████▉     | 96/193 [12:47<13:11,  8.16s/it]
PPSurf + Mesh→PC:  50%|█████     | 97/193 [12:56<13:10,  8.23s/it]
PPSurf + Mesh→PC:  51%|█████     | 98/193 [13:04<13:00,  8.22s/it]
PPSurf + Mesh→PC:  51%|█████▏    | 99/193 [13:12<12:49,  8.19s/it]
PPSurf + Mesh→PC:  52%|█████▏    | 100/193 [13:20<12:47,  8.26s/it]
PPSurf + Mesh→PC:  52%|█████▏    | 101/193 [13:28<12:31,  8.17s/it]
PPSurf + Mesh→PC:  53%|█████▎    | 102/193 [13:36<12:21,  8.15s/it]
PPSurf + Mesh→PC:  53%|█████▎    | 103/193 [13:45<12:33,  8.37s/it]
PPSurf + Mesh→PC:  54%|█████▍    | 104/193 [13:54<12:23,  8.36s/it]
PPSurf + Mesh→PC:  54%|█████▍    | 105/193 [14:02<12:14,  8.35s/it]
PPSurf + Mesh→PC:  55%|█████▍    | 106/193 [14:10<12:02,  8.30s/it]
PPSurf + Mesh→PC:  55%|█████▌    | 107/193 [14:18<11:49,  8.25s/it]
PPSurf + Mesh→PC:  56%|█████▌    | 108/193 [14:26<11:36,  8.20s/it]
PPSurf + Mesh→PC:  56%|█████▋    | 109/193 [14:34<11:26,  8.17s/it]
PPSurf + Mesh→PC:  57%|█████▋    | 110/193 [14:43<11:18,  8.18s/it]
PPSurf + Mesh→PC:  58%|█████▊    | 111/193 [14:50<10:59,  8.05s/it]
PPSurf + Mesh→PC:  58%|█████▊    | 112/193 [15:00<11:20,  8.41s/it]
PPSurf + Mesh→PC:  59%|█████▊    | 113/193 [15:10<11:54,  8.93s/it]
PPSurf + Mesh→PC:  59%|█████▉    | 114/193 [15:19<11:55,  9.06s/it]
PPSurf + Mesh→PC:  60%|█████▉    | 115/193 [15:28<11:35,  8.92s/it]
PPSurf + Mesh→PC:  60%|██████    | 116/193 [15:40<12:36,  9.82s/it]
PPSurf + Mesh→PC:  61%|██████    | 117/193 [15:49<12:21,  9.76s/it]
PPSurf + Mesh→PC:  61%|██████    | 118/193 [15:58<11:43,  9.38s/it]
PPSurf + Mesh→PC:  62%|██████▏   | 119/193 [16:07<11:34,  9.38s/it]
PPSurf + Mesh→PC:  62%|██████▏   | 120/193 [16:16<11:06,  9.13s/it]
PPSurf + Mesh→PC:  63%|██████▎   | 121/193 [16:24<10:43,  8.94s/it]
PPSurf + Mesh→PC:  63%|██████▎   | 122/193 [16:32<10:10,  8.60s/it]
PPSurf + Mesh→PC:  64%|██████▎   | 123/193 [16:41<10:11,  8.74s/it]
PPSurf + Mesh→PC:  64%|██████▍   | 124/193 [16:51<10:25,  9.06s/it]
PPSurf + Mesh→PC:  65%|██████▍   | 125/193 [17:00<10:09,  8.96s/it]
PPSurf + Mesh→PC:  65%|██████▌   | 126/193 [17:08<09:45,  8.74s/it]
PPSurf + Mesh→PC:  66%|██████▌   | 127/193 [17:17<09:42,  8.83s/it]
PPSurf + Mesh→PC:  66%|██████▋   | 128/193 [17:26<09:45,  9.01s/it]
PPSurf + Mesh→PC:  67%|██████▋   | 129/193 [17:35<09:26,  8.85s/it]
PPSurf + Mesh→PC:  67%|██████▋   | 130/193 [17:44<09:23,  8.94s/it]
PPSurf + Mesh→PC:  68%|██████▊   | 131/193 [17:52<08:59,  8.71s/it]
PPSurf + Mesh→PC:  68%|██████▊   | 132/193 [18:01<08:45,  8.61s/it]
PPSurf + Mesh→PC:  69%|██████▉   | 133/193 [18:10<08:53,  8.89s/it]
PPSurf + Mesh→PC:  69%|██████▉   | 134/193 [18:21<09:15,  9.41s/it]
PPSurf + Mesh→PC:  70%|██████▉   | 135/193 [18:31<09:29,  9.82s/it]
PPSurf + Mesh→PC:  70%|███████   | 136/193 [18:41<09:20,  9.83s/it]
PPSurf + Mesh→PC:  71%|███████   | 137/193 [18:49<08:35,  9.21s/it]
PPSurf + Mesh→PC:  72%|███████▏  | 138/193 [18:58<08:14,  8.99s/it]
PPSurf + Mesh→PC:  72%|███████▏  | 139/193 [19:07<08:14,  9.15s/it]
PPSurf + Mesh→PC:  73%|███████▎  | 140/193 [19:16<08:02,  9.10s/it]
PPSurf + Mesh→PC:  73%|███████▎  | 141/193 [19:25<07:52,  9.09s/it]
PPSurf + Mesh→PC:  74%|███████▎  | 142/193 [19:35<07:53,  9.29s/it]
PPSurf + Mesh→PC:  74%|███████▍  | 143/193 [19:44<07:41,  9.22s/it]
PPSurf + Mesh→PC:  75%|███████▍  | 144/193 [19:53<07:36,  9.31s/it]
PPSurf + Mesh→PC:  75%|███████▌  | 145/193 [20:02<07:17,  9.12s/it]
PPSurf + Mesh→PC:  76%|███████▌  | 146/193 [20:11<07:08,  9.12s/it]
PPSurf + Mesh→PC:  76%|███████▌  | 147/193 [20:21<07:08,  9.30s/it]
PPSurf + Mesh→PC:  77%|███████▋  | 148/193 [20:29<06:42,  8.95s/it]
PPSurf + Mesh→PC:  77%|███████▋  | 149/193 [20:39<06:44,  9.19s/it]
PPSurf + Mesh→PC:  78%|███████▊  | 150/193 [20:48<06:28,  9.03s/it]
PPSurf + Mesh→PC:  78%|███████▊  | 151/193 [20:57<06:24,  9.16s/it]
PPSurf + Mesh→PC:  79%|███████▉  | 152/193 [21:06<06:17,  9.21s/it]
PPSurf + Mesh→PC:  79%|███████▉  | 153/193 [21:16<06:18,  9.46s/it]
PPSurf + Mesh→PC:  80%|███████▉  | 154/193 [21:26<06:10,  9.51s/it]
PPSurf + Mesh→PC:  80%|████████  | 155/193 [21:35<05:53,  9.30s/it]
PPSurf + Mesh→PC:  81%|████████  | 156/193 [21:44<05:43,  9.29s/it]
PPSurf + Mesh→PC:  81%|████████▏ | 157/193 [21:53<05:32,  9.23s/it]
PPSurf + Mesh→PC:  82%|████████▏ | 158/193 [22:02<05:21,  9.20s/it]
PPSurf + Mesh→PC:  82%|████████▏ | 159/193 [22:11<05:11,  9.17s/it]
PPSurf + Mesh→PC:  83%|████████▎ | 160/193 [22:21<05:03,  9.19s/it]
PPSurf + Mesh→PC:  83%|████████▎ | 161/193 [22:30<04:57,  9.31s/it]
PPSurf + Mesh→PC:  84%|████████▍ | 162/193 [22:39<04:46,  9.24s/it]
PPSurf + Mesh→PC:  84%|████████▍ | 163/193 [22:48<04:35,  9.18s/it]
PPSurf + Mesh→PC:  85%|████████▍ | 164/193 [22:59<04:37,  9.56s/it]
PPSurf + Mesh→PC:  85%|████████▌ | 165/193 [23:07<04:20,  9.29s/it]
PPSurf + Mesh→PC:  86%|████████▌ | 166/193 [23:17<04:13,  9.38s/it]
PPSurf + Mesh→PC:  87%|████████▋ | 167/193 [23:27<04:12,  9.69s/it]
PPSurf + Mesh→PC:  87%|████████▋ | 168/193 [23:37<03:59,  9.60s/it]
PPSurf + Mesh→PC:  88%|████████▊ | 169/193 [23:45<03:41,  9.22s/it]
PPSurf + Mesh→PC:  88%|████████▊ | 170/193 [23:54<03:29,  9.11s/it]
PPSurf + Mesh→PC:  89%|████████▊ | 171/193 [24:05<03:29,  9.53s/it]
PPSurf + Mesh→PC:  89%|████████▉ | 172/193 [24:14<03:20,  9.56s/it]
PPSurf + Mesh→PC:  90%|████████▉ | 173/193 [24:23<03:08,  9.42s/it]
PPSurf + Mesh→PC:  90%|█████████ | 174/193 [24:33<02:59,  9.47s/it]
PPSurf + Mesh→PC:  91%|█████████ | 175/193 [24:45<03:02, 10.17s/it]
PPSurf + Mesh→PC:  91%|█████████ | 176/193 [24:52<02:38,  9.33s/it]
PPSurf + Mesh→PC:  92%|█████████▏| 177/193 [24:59<02:19,  8.75s/it]
PPSurf + Mesh→PC:  92%|█████████▏| 178/193 [25:08<02:09,  8.65s/it]
PPSurf + Mesh→PC:  93%|█████████▎| 179/193 [25:15<01:56,  8.35s/it]
PPSurf + Mesh→PC:  93%|█████████▎| 180/193 [25:23<01:45,  8.12s/it]
PPSurf + Mesh→PC:  94%|█████████▍| 181/193 [25:31<01:37,  8.15s/it]
PPSurf + Mesh→PC:  94%|█████████▍| 182/193 [25:39<01:29,  8.17s/it]
PPSurf + Mesh→PC:  95%|█████████▍| 183/193 [25:47<01:19,  7.98s/it]
PPSurf + Mesh→PC:  95%|█████████▌| 184/193 [25:55<01:11,  7.95s/it]
PPSurf + Mesh→PC:  96%|█████████▌| 185/193 [26:03<01:02,  7.86s/it]
PPSurf + Mesh→PC:  96%|█████████▋| 186/193 [26:10<00:54,  7.85s/it]
PPSurf + Mesh→PC:  97%|█████████▋| 187/193 [26:18<00:46,  7.73s/it]
PPSurf + Mesh→PC:  97%|█████████▋| 188/193 [26:26<00:38,  7.76s/it]
PPSurf + Mesh→PC:  98%|█████████▊| 189/193 [26:34<00:31,  7.88s/it]
PPSurf + Mesh→PC:  98%|█████████▊| 190/193 [26:42<00:23,  7.88s/it]
PPSurf + Mesh→PC:  99%|█████████▉| 191/193 [26:49<00:15,  7.81s/it]
PPSurf + Mesh→PC:  99%|█████████▉| 192/193 [26:57<00:07,  7.83s/it]
PPSurf + Mesh→PC: 100%|██████████| 193/193 [27:05<00:00,  7.85s/it]
PPSurf + Mesh→PC: 100%|██████████| 193/193 [27:05<00:00,  8.42s/it]

============================================================
Step 5: Evaluation
============================================================

Computing CD:   0%|          | 0/193 [00:00<?, ?it/s]
Computing CD:   1%|          | 1/193 [00:00<01:11,  2.67it/s]
Computing CD:  39%|███▉      | 76/193 [00:00<00:00, 208.42it/s]
Computing CD:  70%|███████   | 136/193 [00:00<00:00, 312.81it/s]
Computing CD:  96%|█████████▋| 186/193 [00:00<00:00, 342.55it/s]
Computing CD: 100%|██████████| 193/193 [00:00<00:00, 269.50it/s]

============================================================
OVERALL RESULTS (193/193 samples)
============================================================
  CD-L1:  0.149821 (± 0.275061)
  CD-L2:  0.103861 (± 0.247646)

Category      Count        CD-L1        CD-L2
----------------------------------------------
chine_0          84     0.013880     0.000368
chine_1          12     0.019263     0.000658
chine_2          12     0.029654     0.001757
chine_3           3     0.028930     0.001821

dutch_0          15     0.120224     0.022114
dutch_1          11     0.095101     0.015638
dutch_2           2     0.173658     0.038761
dutch_3           6     0.141832     0.027936
dutch_4           2     0.147755     0.032892

hung_0            1     0.733969     0.569330
hung_1            1     0.519905     0.319840
hung_2            5     0.867447     0.780000
hung_3           12     0.825511     0.709533
hung_4            4     0.854168     0.773671
hung_5            1     0.762489     0.676552
hung_6            2     0.699670     0.539845
hung_7            2     0.644578     0.493715

sncf_0            6     0.016486     0.000519
sncf_1            2     0.039308     0.004917
sncf_2            9     0.018798     0.001062
sncf_3            1     0.020839     0.000739

Superclass          CD-L1        CD-L2
--------------------------------------
chine            0.016574     0.000589
dutch            0.120647     0.022629
hung             0.798746     0.683640
sncf             0.020419     0.001291

MEAN             0.149821     0.103861

Saved results to results/fixed/hybrid_noise_0.01/evaluation_results.json
Saving sample .npy files (5 per category)...

Done!
