nohup: ignoring input
============================================================
Step 1: Loading data
============================================================
Loaded 193 completions with 5000 points from rfnet_subset_193_fixed.h5
Loaded 193 GT entries (193 objects × 1 scans) from realpc/difficult/test/complete

============================================================
Step 2: Gaussian noise (skipped)
============================================================

Noise:   0%|          | 0/193 [00:00<?, ?it/s]
Noise: 100%|██████████| 193/193 [00:00<00:00, 6497.89it/s]

============================================================
Step 3+4: PPSurf (res=129) → 5000 pts
============================================================

PPSurf + Mesh→PC:   0%|          | 0/193 [00:00<?, ?it/s]
PPSurf + Mesh→PC:   1%|          | 1/193 [00:07<25:02,  7.82s/it]
PPSurf + Mesh→PC:   1%|          | 2/193 [00:15<24:55,  7.83s/it]
PPSurf + Mesh→PC:   2%|▏         | 3/193 [00:23<25:23,  8.02s/it]
PPSurf + Mesh→PC:   2%|▏         | 4/193 [00:31<24:53,  7.90s/it]
PPSurf + Mesh→PC:   3%|▎         | 5/193 [00:39<24:33,  7.84s/it]
PPSurf + Mesh→PC:   3%|▎         | 6/193 [00:47<24:35,  7.89s/it]
PPSurf + Mesh→PC:   4%|▎         | 7/193 [00:55<24:26,  7.89s/it]
PPSurf + Mesh→PC:   4%|▍         | 8/193 [01:02<24:04,  7.81s/it]
PPSurf + Mesh→PC:   5%|▍         | 9/193 [01:11<24:28,  7.98s/it]
PPSurf + Mesh→PC:   5%|▌         | 10/193 [01:18<23:53,  7.83s/it]
PPSurf + Mesh→PC:   6%|▌         | 11/193 [01:26<23:56,  7.89s/it]
PPSurf + Mesh→PC:   6%|▌         | 12/193 [01:35<24:13,  8.03s/it]
PPSurf + Mesh→PC:   7%|▋         | 13/193 [01:43<24:00,  8.00s/it]
PPSurf + Mesh→PC:   7%|▋         | 14/193 [01:50<23:42,  7.95s/it]
PPSurf + Mesh→PC:   8%|▊         | 15/193 [01:58<23:41,  7.99s/it]
PPSurf + Mesh→PC:   8%|▊         | 16/193 [02:06<23:18,  7.90s/it]
PPSurf + Mesh→PC:   9%|▉         | 17/193 [02:14<23:02,  7.86s/it]
PPSurf + Mesh→PC:   9%|▉         | 18/193 [02:22<23:22,  8.02s/it]
PPSurf + Mesh→PC:  10%|▉         | 19/193 [02:30<23:17,  8.03s/it]
PPSurf + Mesh→PC:  10%|█         | 20/193 [02:38<23:04,  8.00s/it]
PPSurf + Mesh→PC:  11%|█         | 21/193 [02:46<23:06,  8.06s/it]
PPSurf + Mesh→PC:  11%|█▏        | 22/193 [02:55<22:57,  8.06s/it]
PPSurf + Mesh→PC:  12%|█▏        | 23/193 [03:02<22:39,  8.00s/it]
PPSurf + Mesh→PC:  12%|█▏        | 24/193 [03:10<22:18,  7.92s/it]
PPSurf + Mesh→PC:  13%|█▎        | 25/193 [03:18<22:04,  7.88s/it]
PPSurf + Mesh→PC:  13%|█▎        | 26/193 [03:26<21:50,  7.85s/it]
PPSurf + Mesh→PC:  14%|█▍        | 27/193 [03:34<22:01,  7.96s/it]
PPSurf + Mesh→PC:  15%|█▍        | 28/193 [03:42<21:50,  7.94s/it]
PPSurf + Mesh→PC:  15%|█▌        | 29/193 [03:50<21:38,  7.92s/it]
PPSurf + Mesh→PC:  16%|█▌        | 30/193 [03:58<21:33,  7.94s/it]
PPSurf + Mesh→PC:  16%|█▌        | 31/193 [04:06<21:40,  8.03s/it]
PPSurf + Mesh→PC:  17%|█▋        | 32/193 [04:14<21:39,  8.07s/it]
PPSurf + Mesh→PC:  17%|█▋        | 33/193 [04:22<21:17,  7.99s/it]
PPSurf + Mesh→PC:  18%|█▊        | 34/193 [04:30<20:57,  7.91s/it]
PPSurf + Mesh→PC:  18%|█▊        | 35/193 [04:38<20:55,  7.94s/it]
PPSurf + Mesh→PC:  19%|█▊        | 36/193 [04:45<20:39,  7.89s/it]
PPSurf + Mesh→PC:  19%|█▉        | 37/193 [04:53<20:36,  7.93s/it]
PPSurf + Mesh→PC:  20%|█▉        | 38/193 [05:02<20:45,  8.03s/it]
PPSurf + Mesh→PC:  20%|██        | 39/193 [05:09<20:28,  7.98s/it]
PPSurf + Mesh→PC:  21%|██        | 40/193 [05:17<20:11,  7.92s/it]
PPSurf + Mesh→PC:  21%|██        | 41/193 [05:25<20:15,  8.00s/it]
PPSurf + Mesh→PC:  22%|██▏       | 42/193 [05:34<20:16,  8.06s/it]
PPSurf + Mesh→PC:  22%|██▏       | 43/193 [05:42<20:11,  8.08s/it]
PPSurf + Mesh→PC:  23%|██▎       | 44/193 [05:50<20:01,  8.06s/it]
PPSurf + Mesh→PC:  23%|██▎       | 45/193 [05:58<19:54,  8.07s/it]
PPSurf + Mesh→PC:  24%|██▍       | 46/193 [06:06<19:46,  8.07s/it]
PPSurf + Mesh→PC:  24%|██▍       | 47/193 [06:14<19:34,  8.05s/it]
PPSurf + Mesh→PC:  25%|██▍       | 48/193 [06:22<19:28,  8.06s/it]
PPSurf + Mesh→PC:  25%|██▌       | 49/193 [06:30<19:27,  8.11s/it]
PPSurf + Mesh→PC:  26%|██▌       | 50/193 [06:38<19:22,  8.13s/it]
PPSurf + Mesh→PC:  26%|██▋       | 51/193 [06:46<18:56,  8.00s/it]
PPSurf + Mesh→PC:  27%|██▋       | 52/193 [06:54<18:48,  8.00s/it]
PPSurf + Mesh→PC:  27%|██▋       | 53/193 [07:02<18:36,  7.97s/it]
PPSurf + Mesh→PC:  28%|██▊       | 54/193 [07:10<18:26,  7.96s/it]
PPSurf + Mesh→PC:  28%|██▊       | 55/193 [07:18<18:08,  7.89s/it]
PPSurf + Mesh→PC:  29%|██▉       | 56/193 [07:26<18:11,  7.97s/it]
PPSurf + Mesh→PC:  30%|██▉       | 57/193 [07:33<17:48,  7.86s/it]
PPSurf + Mesh→PC:  30%|███       | 58/193 [07:41<17:42,  7.87s/it]
PPSurf + Mesh→PC:  31%|███       | 59/193 [07:49<17:36,  7.88s/it]
PPSurf + Mesh→PC:  31%|███       | 60/193 [07:57<17:27,  7.87s/it]
PPSurf + Mesh→PC:  32%|███▏      | 61/193 [08:05<17:19,  7.87s/it]
PPSurf + Mesh→PC:  32%|███▏      | 62/193 [08:13<17:18,  7.93s/it]
PPSurf + Mesh→PC:  33%|███▎      | 63/193 [08:21<17:03,  7.87s/it]
PPSurf + Mesh→PC:  33%|███▎      | 64/193 [08:29<17:05,  7.95s/it]
PPSurf + Mesh→PC:  34%|███▎      | 65/193 [08:36<16:40,  7.82s/it]
PPSurf + Mesh→PC:  34%|███▍      | 66/193 [08:44<16:33,  7.82s/it]
PPSurf + Mesh→PC:  35%|███▍      | 67/193 [08:52<16:32,  7.88s/it]
PPSurf + Mesh→PC:  35%|███▌      | 68/193 [09:00<16:18,  7.82s/it]
PPSurf + Mesh→PC:  36%|███▌      | 69/193 [09:08<16:02,  7.76s/it]
PPSurf + Mesh→PC:  36%|███▋      | 70/193 [09:16<16:12,  7.91s/it]
PPSurf + Mesh→PC:  37%|███▋      | 71/193 [09:24<15:59,  7.86s/it]
PPSurf + Mesh→PC:  37%|███▋      | 72/193 [09:31<15:50,  7.86s/it]
PPSurf + Mesh→PC:  38%|███▊      | 73/193 [09:39<15:49,  7.92s/it]
PPSurf + Mesh→PC:  38%|███▊      | 74/193 [09:47<15:32,  7.84s/it]
PPSurf + Mesh→PC:  39%|███▉      | 75/193 [09:55<15:29,  7.88s/it]
PPSurf + Mesh→PC:  39%|███▉      | 76/193 [10:03<15:13,  7.80s/it]
PPSurf + Mesh→PC:  40%|███▉      | 77/193 [10:11<15:05,  7.81s/it]
PPSurf + Mesh→PC:  40%|████      | 78/193 [10:18<15:01,  7.84s/it]
PPSurf + Mesh→PC:  41%|████      | 79/193 [10:27<15:00,  7.90s/it]
PPSurf + Mesh→PC:  41%|████▏     | 80/193 [10:34<14:43,  7.81s/it]
PPSurf + Mesh→PC:  42%|████▏     | 81/193 [10:42<14:50,  7.95s/it]
PPSurf + Mesh→PC:  42%|████▏     | 82/193 [10:50<14:37,  7.91s/it]
PPSurf + Mesh→PC:  43%|████▎     | 83/193 [10:58<14:30,  7.92s/it]
PPSurf + Mesh→PC:  44%|████▎     | 84/193 [11:06<14:30,  7.98s/it]
PPSurf + Mesh→PC:  44%|████▍     | 85/193 [11:14<14:23,  8.00s/it]
PPSurf + Mesh→PC:  45%|████▍     | 86/193 [11:22<14:20,  8.04s/it]
PPSurf + Mesh→PC:  45%|████▌     | 87/193 [11:31<14:28,  8.19s/it]
PPSurf + Mesh→PC:  46%|████▌     | 88/193 [11:39<14:16,  8.15s/it]
PPSurf + Mesh→PC:  46%|████▌     | 89/193 [11:48<14:19,  8.26s/it]
PPSurf + Mesh→PC:  47%|████▋     | 90/193 [11:56<14:21,  8.36s/it]
PPSurf + Mesh→PC:  47%|████▋     | 91/193 [12:04<14:09,  8.33s/it]
PPSurf + Mesh→PC:  48%|████▊     | 92/193 [12:12<13:48,  8.21s/it]
PPSurf + Mesh→PC:  48%|████▊     | 93/193 [12:20<13:36,  8.16s/it]
PPSurf + Mesh→PC:  49%|████▊     | 94/193 [12:28<13:17,  8.06s/it]
PPSurf + Mesh→PC:  49%|████▉     | 95/193 [12:36<13:04,  8.00s/it]
PPSurf + Mesh→PC:  50%|████▉     | 96/193 [12:44<12:58,  8.03s/it]
PPSurf + Mesh→PC:  50%|█████     | 97/193 [12:53<13:07,  8.21s/it]
PPSurf + Mesh→PC:  51%|█████     | 98/193 [13:01<12:58,  8.20s/it]
PPSurf + Mesh→PC:  51%|█████▏    | 99/193 [13:09<12:48,  8.18s/it]
PPSurf + Mesh→PC:  52%|█████▏    | 100/193 [13:17<12:39,  8.16s/it]
PPSurf + Mesh→PC:  52%|█████▏    | 101/193 [13:26<12:34,  8.21s/it]
PPSurf + Mesh→PC:  53%|█████▎    | 102/193 [13:34<12:25,  8.20s/it]
PPSurf + Mesh→PC:  53%|█████▎    | 103/193 [13:42<12:15,  8.17s/it]
PPSurf + Mesh→PC:  54%|█████▍    | 104/193 [13:50<12:15,  8.27s/it]
PPSurf + Mesh→PC:  54%|█████▍    | 105/193 [13:59<12:08,  8.28s/it]
PPSurf + Mesh→PC:  55%|█████▍    | 106/193 [14:07<11:50,  8.16s/it]
PPSurf + Mesh→PC:  55%|█████▌    | 107/193 [14:15<11:48,  8.24s/it]
PPSurf + Mesh→PC:  56%|█████▌    | 108/193 [14:23<11:42,  8.27s/it]
PPSurf + Mesh→PC:  56%|█████▋    | 109/193 [14:32<11:35,  8.28s/it]
PPSurf + Mesh→PC:  57%|█████▋    | 110/193 [14:40<11:35,  8.38s/it]
PPSurf + Mesh→PC:  58%|█████▊    | 111/193 [14:48<11:21,  8.31s/it]
PPSurf + Mesh→PC:  58%|█████▊    | 112/193 [15:07<15:22, 11.39s/it]
PPSurf + Mesh→PC:  59%|█████▊    | 113/193 [15:17<14:42, 11.03s/it]
PPSurf + Mesh→PC:  59%|█████▉    | 114/193 [15:26<13:49, 10.50s/it]
PPSurf + Mesh→PC:  60%|█████▉    | 115/193 [15:35<12:50,  9.87s/it]
PPSurf + Mesh→PC:  60%|██████    | 116/193 [15:48<14:02, 10.95s/it]
PPSurf + Mesh→PC:  61%|██████    | 117/193 [15:58<13:35, 10.74s/it]
PPSurf + Mesh→PC:  61%|██████    | 118/193 [16:08<12:46, 10.22s/it]
PPSurf + Mesh→PC:  62%|██████▏   | 119/193 [16:17<12:18,  9.97s/it]
PPSurf + Mesh→PC:  62%|██████▏   | 120/193 [16:26<11:57,  9.82s/it]
PPSurf + Mesh→PC:  63%|██████▎   | 121/193 [16:35<11:30,  9.59s/it]
PPSurf + Mesh→PC:  63%|██████▎   | 122/193 [16:45<11:17,  9.55s/it]
PPSurf + Mesh→PC:  64%|██████▎   | 123/193 [16:56<11:36,  9.94s/it]
PPSurf + Mesh→PC:  64%|██████▍   | 124/193 [17:07<11:46, 10.24s/it]
PPSurf + Mesh→PC:  65%|██████▍   | 125/193 [17:23<13:35, 12.00s/it]
PPSurf + Mesh→PC:  65%|██████▌   | 126/193 [17:32<12:28, 11.16s/it]
PPSurf + Mesh→PC:  66%|██████▌   | 127/193 [17:42<11:57, 10.87s/it]
PPSurf + Mesh→PC:  66%|██████▋   | 128/193 [17:56<12:48, 11.83s/it]
PPSurf + Mesh→PC:  67%|██████▋   | 129/193 [18:06<11:48, 11.07s/it]
PPSurf + Mesh→PC:  67%|██████▋   | 130/193 [18:16<11:25, 10.88s/it]
PPSurf + Mesh→PC:  68%|██████▊   | 131/193 [18:26<10:50, 10.49s/it]
PPSurf + Mesh→PC:  68%|██████▊   | 132/193 [18:37<10:58, 10.79s/it]
PPSurf + Mesh→PC:  69%|██████▉   | 133/193 [18:51<11:36, 11.61s/it]
PPSurf + Mesh→PC:  69%|██████▉   | 134/193 [19:02<11:29, 11.68s/it]
PPSurf + Mesh→PC:  70%|██████▉   | 135/193 [19:14<11:17, 11.68s/it]
PPSurf + Mesh→PC:  70%|███████   | 136/193 [19:25<10:49, 11.39s/it]
PPSurf + Mesh→PC:  71%|███████   | 137/193 [19:34<10:02, 10.77s/it]
PPSurf + Mesh→PC:  72%|███████▏  | 138/193 [19:43<09:25, 10.28s/it]
PPSurf + Mesh→PC:  72%|███████▏  | 139/193 [19:54<09:14, 10.28s/it]
PPSurf + Mesh→PC:  73%|███████▎  | 140/193 [20:05<09:27, 10.70s/it]
PPSurf + Mesh→PC:  73%|███████▎  | 141/193 [20:15<09:08, 10.55s/it]
PPSurf + Mesh→PC:  74%|███████▎  | 142/193 [20:26<08:59, 10.57s/it]
PPSurf + Mesh→PC:  74%|███████▍  | 143/193 [20:39<09:17, 11.14s/it]
PPSurf + Mesh→PC:  75%|███████▍  | 144/193 [20:48<08:41, 10.64s/it]
PPSurf + Mesh→PC:  75%|███████▌  | 145/193 [20:58<08:21, 10.45s/it]
PPSurf + Mesh→PC:  76%|███████▌  | 146/193 [21:07<07:56, 10.13s/it]
PPSurf + Mesh→PC:  76%|███████▌  | 147/193 [21:18<07:57, 10.37s/it]
PPSurf + Mesh→PC:  77%|███████▋  | 148/193 [21:27<07:27,  9.95s/it]
PPSurf + Mesh→PC:  77%|███████▋  | 149/193 [21:37<07:12,  9.83s/it]
PPSurf + Mesh→PC:  78%|███████▊  | 150/193 [21:46<06:47,  9.48s/it]
PPSurf + Mesh→PC:  78%|███████▊  | 151/193 [21:55<06:35,  9.41s/it]
PPSurf + Mesh→PC:  79%|███████▉  | 152/193 [22:05<06:30,  9.52s/it]
PPSurf + Mesh→PC:  79%|███████▉  | 153/193 [22:15<06:28,  9.70s/it]
PPSurf + Mesh→PC:  80%|███████▉  | 154/193 [22:25<06:20,  9.77s/it]
PPSurf + Mesh→PC:  80%|████████  | 155/193 [22:36<06:24, 10.13s/it]
PPSurf + Mesh→PC:  81%|████████  | 156/193 [22:47<06:30, 10.56s/it]
PPSurf + Mesh→PC:  81%|████████▏ | 157/193 [22:57<06:17, 10.49s/it]
PPSurf + Mesh→PC:  82%|████████▏ | 158/193 [23:08<06:11, 10.60s/it]
PPSurf + Mesh→PC:  82%|████████▏ | 159/193 [23:19<05:56, 10.49s/it]
PPSurf + Mesh→PC:  83%|████████▎ | 160/193 [23:29<05:41, 10.36s/it]
PPSurf + Mesh→PC:  83%|████████▎ | 161/193 [23:39<05:28, 10.28s/it]
PPSurf + Mesh→PC:  84%|████████▍ | 162/193 [23:51<05:41, 11.03s/it]
PPSurf + Mesh→PC:  84%|████████▍ | 163/193 [24:01<05:18, 10.63s/it]
PPSurf + Mesh→PC:  85%|████████▍ | 164/193 [24:14<05:23, 11.15s/it]
PPSurf + Mesh→PC:  85%|████████▌ | 165/193 [24:23<04:59, 10.70s/it]
PPSurf + Mesh→PC:  86%|████████▌ | 166/193 [24:33<04:43, 10.51s/it]
PPSurf + Mesh→PC:  87%|████████▋ | 167/193 [24:47<04:58, 11.47s/it]
PPSurf + Mesh→PC:  87%|████████▋ | 168/193 [24:57<04:36, 11.06s/it]
PPSurf + Mesh→PC:  88%|████████▊ | 169/193 [25:07<04:17, 10.73s/it]
PPSurf + Mesh→PC:  88%|████████▊ | 170/193 [25:16<03:57, 10.32s/it]
PPSurf + Mesh→PC:  89%|████████▊ | 171/193 [25:28<03:53, 10.60s/it]
PPSurf + Mesh→PC:  89%|████████▉ | 172/193 [25:39<03:45, 10.76s/it]
PPSurf + Mesh→PC:  90%|████████▉ | 173/193 [25:48<03:27, 10.37s/it]
PPSurf + Mesh→PC:  90%|█████████ | 174/193 [25:58<03:16, 10.33s/it]
PPSurf + Mesh→PC:  91%|█████████ | 175/193 [26:15<03:39, 12.21s/it]
PPSurf + Mesh→PC:  91%|█████████ | 176/193 [26:24<03:09, 11.13s/it]
PPSurf + Mesh→PC:  92%|█████████▏| 177/193 [26:32<02:45, 10.32s/it]
PPSurf + Mesh→PC:  92%|█████████▏| 178/193 [26:40<02:24,  9.64s/it]
PPSurf + Mesh→PC:  93%|█████████▎| 179/193 [26:49<02:10,  9.34s/it]
PPSurf + Mesh→PC:  93%|█████████▎| 180/193 [26:58<01:59,  9.16s/it]
PPSurf + Mesh→PC:  94%|█████████▍| 181/193 [27:06<01:48,  9.07s/it]
PPSurf + Mesh→PC:  94%|█████████▍| 182/193 [27:15<01:38,  8.97s/it]
PPSurf + Mesh→PC:  95%|█████████▍| 183/193 [27:25<01:31,  9.10s/it]
PPSurf + Mesh→PC:  95%|█████████▌| 184/193 [27:36<01:27,  9.69s/it]
PPSurf + Mesh→PC:  96%|█████████▌| 185/193 [27:45<01:17,  9.66s/it]
PPSurf + Mesh→PC:  96%|█████████▋| 186/193 [27:54<01:05,  9.30s/it]
PPSurf + Mesh→PC:  97%|█████████▋| 187/193 [28:02<00:54,  9.15s/it]
PPSurf + Mesh→PC:  97%|█████████▋| 188/193 [28:11<00:45,  9.04s/it]
PPSurf + Mesh→PC:  98%|█████████▊| 189/193 [28:20<00:35,  8.99s/it]
PPSurf + Mesh→PC:  98%|█████████▊| 190/193 [28:29<00:26,  8.92s/it]
PPSurf + Mesh→PC:  99%|█████████▉| 191/193 [28:37<00:17,  8.77s/it]
PPSurf + Mesh→PC:  99%|█████████▉| 192/193 [28:46<00:08,  8.69s/it]
PPSurf + Mesh→PC: 100%|██████████| 193/193 [28:56<00:00,  9.15s/it]
PPSurf + Mesh→PC: 100%|██████████| 193/193 [28:56<00:00,  9.00s/it]

============================================================
Step 5: Evaluation
============================================================

Computing CD:   0%|          | 0/193 [00:00<?, ?it/s]
Computing CD:   1%|          | 1/193 [00:00<01:27,  2.20it/s]
Computing CD:  21%|██        | 40/193 [00:00<00:01, 94.80it/s]
Computing CD:  41%|████▏     | 80/193 [00:00<00:00, 171.79it/s]
Computing CD:  61%|██████    | 118/193 [00:00<00:00, 226.27it/s]
Computing CD:  81%|████████▏ | 157/193 [00:00<00:00, 268.32it/s]
Computing CD: 100%|██████████| 193/193 [00:00<00:00, 204.52it/s]

============================================================
OVERALL RESULTS (193/193 samples)
============================================================
  CD-L1:  0.150760 (± 0.275307)
  CD-L2:  0.104394 (± 0.246770)

Category      Count        CD-L1        CD-L2
----------------------------------------------
chine_0          84     0.013495     0.000400
chine_1          12     0.018701     0.000670
chine_2          12     0.028708     0.001661
chine_3           3     0.026230     0.001283

dutch_0          15     0.122255     0.025500
dutch_1          11     0.100013     0.016659
dutch_2           2     0.198045     0.051701
dutch_3           6     0.165279     0.037038
dutch_4           2     0.154403     0.034612

hung_0            1     0.709944     0.540539
hung_1            1     0.533568     0.325701
hung_2            5     0.854314     0.761498
hung_3           12     0.829129     0.712529
hung_4            4     0.849756     0.773549
hung_5            1     0.796863     0.709668
hung_6            2     0.697781     0.535053
hung_7            2     0.651275     0.503870

sncf_0            6     0.016380     0.000530
sncf_1            2     0.027235     0.002197
sncf_2            9     0.016960     0.000871
sncf_3            1     0.020999     0.000729

Superclass          CD-L1        CD-L2
--------------------------------------
chine            0.016047     0.000590
dutch            0.128626     0.026683
hung             0.798522     0.682350
sncf             0.018133     0.000897

MEAN             0.150760     0.104394

Saved results to results/hybrid_no_noise_fixed/evaluation_results.json
Saving sample .npy files (5 per category)...

Done!
