============================================================
Step 1: Loading data
============================================================
Loaded 193 completions with 5000 points from rfnet_subset_193_fixed.h5
Loaded 193 GT entries (193 objects × 1 scans) from realpc/difficult/test/complete

============================================================
Step 2: Gaussian noise (skipped)
============================================================

Noise:   0%|          | 0/193 [00:00<?, ?it/s]
Noise: 100%|██████████| 193/193 [00:00<00:00, 6581.73it/s]

  Skipping PPSurf — evaluating PDR output directly

============================================================
Step 5: Evaluation
============================================================

Computing CD:   0%|          | 0/193 [00:00<?, ?it/s]
Computing CD:   1%|          | 1/193 [00:00<01:13,  2.60it/s]
Computing CD:  23%|██▎       | 45/193 [00:00<00:01, 120.01it/s]
Computing CD:  44%|████▍     | 85/193 [00:00<00:00, 197.44it/s]
Computing CD:  66%|██████▋   | 128/193 [00:00<00:00, 262.09it/s]
Computing CD:  88%|████████▊ | 170/193 [00:00<00:00, 306.82it/s]
Computing CD: 100%|██████████| 193/193 [00:00<00:00, 227.58it/s]

============================================================
OVERALL RESULTS (193/193 samples)
============================================================
  CD-L1:  0.126996 (± 0.255713)
  CD-L2:  0.085768 (± 0.213178)

Category      Count        CD-L1        CD-L2
----------------------------------------------
chine_0          84     0.012156     0.000367
chine_1          12     0.016875     0.000596
chine_2          12     0.022607     0.000969
chine_3           3     0.020344     0.000854

dutch_0          15     0.054723     0.004837
dutch_1          11     0.067706     0.007210
dutch_2           2     0.016425     0.001106
dutch_3           6     0.053262     0.004655
dutch_4           2     0.120263     0.028439

hung_0            1     0.736947     0.557959
hung_1            1     0.444712     0.226615
hung_2            5     0.777592     0.643243
hung_3           12     0.772309     0.618755
hung_4            4     0.792820     0.670049
hung_5            1     0.647363     0.511015
hung_6            2     0.610637     0.410868
hung_7            2     0.580083     0.405498

sncf_0            6     0.013222     0.000298
sncf_1            2     0.025508     0.003248
sncf_2            9     0.012275     0.000385
sncf_3            1     0.017513     0.000552

Superclass          CD-L1        CD-L2
--------------------------------------
chine            0.014018     0.000470
dutch            0.059960     0.006635
hung             0.733479     0.580350
sncf             0.014352     0.000683

MEAN             0.126996     0.085768

Saved results to results/pdr_only_fixed/evaluation_results.json
Saving sample .npy files (5 per category)...

Done!
