nohup: ignoring input
============================================================
Step 1: Loading data
============================================================
Loaded 5018 completions with 5000 points from Point_Diffusion_Refinement/pointnet2/realpc_dataloader/data/realpc_dataset/generated_samples/T1000_betaT0.02_realpc_completion_5000/refine_exp_ckpt_94149_standard_attention_10_trials/pointnet_ckpt_18829_best_cd/test/realpc_generated_data_5000pts.h5
Loaded 5018 GT entries (193 objects × 26 scans) from realpc/difficult/test/complete

============================================================
Step 2: Gaussian noise (skipped)
============================================================

Noise:   0%|          | 0/5018 [00:00<?, ?it/s]
Noise:  13%|█▎        | 662/5018 [00:00<00:00, 6618.29it/s]
Noise:  26%|██▋       | 1324/5018 [00:00<00:00, 6476.67it/s]
Noise:  39%|███▉      | 1972/5018 [00:00<00:00, 6320.75it/s]
Noise:  52%|█████▏    | 2605/5018 [00:00<00:00, 6268.88it/s]
Noise:  64%|██████▍   | 3233/5018 [00:00<00:00, 6094.78it/s]
Noise:  77%|███████▋  | 3852/5018 [00:00<00:00, 6125.54it/s]
Noise:  89%|████████▉ | 4466/5018 [00:00<00:00, 6083.83it/s]
Noise: 100%|██████████| 5018/5018 [00:00<00:00, 6155.11it/s]

  Skipping PPSurf — evaluating PDR output directly

============================================================
Step 5: Evaluation
============================================================

Computing CD:   0%|          | 0/5018 [00:00<?, ?it/s]
Computing CD:   0%|          | 1/5018 [00:00<37:04,  2.26it/s]
Computing CD:   1%|▏         | 75/5018 [00:00<00:27, 181.78it/s]
Computing CD:   3%|▎         | 150/5018 [00:00<00:14, 327.58it/s]
Computing CD:   4%|▍         | 221/5018 [00:00<00:11, 429.11it/s]
Computing CD:   6%|▌         | 295/5018 [00:00<00:09, 513.29it/s]
Computing CD:   7%|▋         | 370/5018 [00:00<00:08, 579.07it/s]
Computing CD:   9%|▉         | 445/5018 [00:01<00:07, 626.34it/s]
Computing CD:  10%|█         | 519/5018 [00:01<00:06, 658.57it/s]
Computing CD:  12%|█▏        | 594/5018 [00:01<00:06, 684.91it/s]
Computing CD:  13%|█▎        | 668/5018 [00:01<00:06, 698.47it/s]
Computing CD:  15%|█▍        | 743/5018 [00:01<00:05, 713.46it/s]
Computing CD:  16%|█▋        | 818/5018 [00:01<00:05, 723.36it/s]
Computing CD:  18%|█▊        | 892/5018 [00:01<00:06, 612.02it/s]
Computing CD:  19%|█▉        | 966/5018 [00:01<00:06, 643.77it/s]
Computing CD:  21%|██        | 1040/5018 [00:01<00:05, 668.62it/s]
Computing CD:  22%|██▏       | 1115/5018 [00:02<00:05, 689.17it/s]
Computing CD:  24%|██▎       | 1189/5018 [00:02<00:05, 703.35it/s]
Computing CD:  25%|██▌       | 1264/5018 [00:02<00:05, 714.43it/s]
Computing CD:  27%|██▋       | 1338/5018 [00:02<00:05, 721.85it/s]
Computing CD:  28%|██▊       | 1412/5018 [00:02<00:04, 727.02it/s]
Computing CD:  30%|██▉       | 1486/5018 [00:02<00:04, 730.61it/s]
Computing CD:  31%|███       | 1561/5018 [00:02<00:04, 733.42it/s]
Computing CD:  33%|███▎      | 1635/5018 [00:02<00:04, 729.89it/s]
Computing CD:  34%|███▍      | 1710/5018 [00:02<00:04, 734.42it/s]
Computing CD:  36%|███▌      | 1785/5018 [00:02<00:04, 737.54it/s]
Computing CD:  37%|███▋      | 1860/5018 [00:03<00:04, 738.81it/s]
Computing CD:  39%|███▊      | 1935/5018 [00:03<00:04, 739.65it/s]
Computing CD:  40%|████      | 2010/5018 [00:03<00:04, 741.17it/s]
Computing CD:  42%|████▏     | 2085/5018 [00:03<00:03, 742.47it/s]
Computing CD:  43%|████▎     | 2160/5018 [00:03<00:03, 743.65it/s]
Computing CD:  45%|████▍     | 2235/5018 [00:03<00:03, 744.56it/s]
Computing CD:  46%|████▌     | 2310/5018 [00:03<00:03, 739.78it/s]
Computing CD:  48%|████▊     | 2384/5018 [00:03<00:03, 738.51it/s]
Computing CD:  49%|████▉     | 2458/5018 [00:03<00:03, 738.37it/s]
Computing CD:  50%|█████     | 2533/5018 [00:03<00:03, 739.40it/s]
Computing CD:  52%|█████▏    | 2608/5018 [00:04<00:03, 739.48it/s]
Computing CD:  53%|█████▎    | 2682/5018 [00:04<00:03, 739.34it/s]
Computing CD:  55%|█████▍    | 2756/5018 [00:04<00:03, 691.42it/s]
Computing CD:  56%|█████▋    | 2830/5018 [00:04<00:03, 704.40it/s]
Computing CD:  58%|█████▊    | 2902/5018 [00:04<00:02, 706.56it/s]
Computing CD:  59%|█████▉    | 2976/5018 [00:04<00:02, 715.29it/s]
Computing CD:  61%|██████    | 3051/5018 [00:04<00:02, 724.14it/s]
Computing CD:  62%|██████▏   | 3126/5018 [00:04<00:02, 730.28it/s]
Computing CD:  64%|██████▍   | 3201/5018 [00:04<00:02, 734.77it/s]
Computing CD:  65%|██████▌   | 3276/5018 [00:04<00:02, 738.52it/s]
Computing CD:  67%|██████▋   | 3351/5018 [00:05<00:02, 740.84it/s]
Computing CD:  68%|██████▊   | 3426/5018 [00:05<00:02, 742.44it/s]
Computing CD:  70%|██████▉   | 3501/5018 [00:05<00:02, 727.76it/s]
Computing CD:  71%|███████▏  | 3576/5018 [00:05<00:01, 732.58it/s]
Computing CD:  73%|███████▎  | 3650/5018 [00:05<00:01, 705.75it/s]
Computing CD:  74%|███████▍  | 3722/5018 [00:05<00:01, 707.36it/s]
Computing CD:  76%|███████▌  | 3793/5018 [00:05<00:01, 696.51it/s]
Computing CD:  77%|███████▋  | 3864/5018 [00:05<00:01, 698.95it/s]
Computing CD:  78%|███████▊  | 3937/5018 [00:05<00:01, 706.89it/s]
Computing CD:  80%|███████▉  | 4012/5018 [00:05<00:01, 717.27it/s]
Computing CD:  81%|████████▏ | 4087/5018 [00:06<00:01, 724.60it/s]
Computing CD:  83%|████████▎ | 4160/5018 [00:06<00:01, 712.56it/s]
Computing CD:  84%|████████▍ | 4232/5018 [00:06<00:01, 699.10it/s]
Computing CD:  86%|████████▌ | 4303/5018 [00:06<00:01, 679.91it/s]
Computing CD:  87%|████████▋ | 4375/5018 [00:06<00:00, 688.21it/s]
Computing CD:  89%|████████▊ | 4444/5018 [00:06<00:00, 674.44it/s]
Computing CD:  90%|████████▉ | 4512/5018 [00:06<00:00, 658.20it/s]
Computing CD:  91%|█████████ | 4578/5018 [00:06<00:00, 646.75it/s]
Computing CD:  93%|█████████▎| 4646/5018 [00:06<00:00, 655.11it/s]
Computing CD:  94%|█████████▍| 4713/5018 [00:07<00:00, 658.91it/s]
Computing CD:  95%|█████████▌| 4779/5018 [00:07<00:00, 646.26it/s]
Computing CD:  97%|█████████▋| 4844/5018 [00:07<00:00, 638.35it/s]
Computing CD:  98%|█████████▊| 4908/5018 [00:07<00:00, 635.46it/s]
Computing CD:  99%|█████████▉| 4976/5018 [00:07<00:00, 647.41it/s]
Computing CD: 100%|██████████| 5018/5018 [00:07<00:00, 666.28it/s]

============================================================
OVERALL RESULTS (5018/5018 samples)
============================================================
  CD-L1:  0.130288 (± 0.263044)
  CD-L2:  0.089356 (± 0.221757)

Category      Count        CD-L1        CD-L2
----------------------------------------------
chine_0        2184     0.012069     0.000337
chine_1         312     0.016752     0.000518
chine_2         312     0.022672     0.000948
chine_3          78     0.019783     0.000805

dutch_0         390     0.055328     0.005124
dutch_1         286     0.067146     0.007384
dutch_2          52     0.020324     0.001894
dutch_3         156     0.060384     0.005506
dutch_4          52     0.129431     0.032109

hung_0           26     0.734779     0.555593
hung_1           26     0.441649     0.224800
hung_2          130     0.815013     0.688720
hung_3          312     0.778642     0.628883
hung_4          104     0.825915     0.699962
hung_5           26     0.784175     0.647147
hung_6           52     0.610795     0.415386
hung_7           52     0.608459     0.440150

sncf_0          156     0.013427     0.000340
sncf_1           52     0.017463     0.001379
sncf_2          234     0.012404     0.000416
sncf_3           26     0.020366     0.000987

Superclass          CD-L1        CD-L2
--------------------------------------
chine            0.013930     0.000435
dutch            0.061954     0.007198
hung             0.754341     0.604595
sncf             0.013749     0.000529

MEAN             0.130288     0.089356

Saved results to results/fixed/pdr_only_full/evaluation_results.json
Saving sample .npy files (5 per category)...

Done!
